cmd_args.rs
colors_orig.rs
colors.rs
curl.rs
factorial_main_rug_product.rs
fib_big_clap_rug.rs
fib_doubling_iterative_purge_rug.rs
fib_matrix_rug.rs
gen_readme.rs
